// Jest Snapshot v1, https://goo.gl/fbAQLP

exports[`<Answer /> matches snapshot 1`] = `
<View
  style={
    Object {
      "alignItems": "center",
      "flex": 1,
      "flexGrow": 1,
      "justifyContent": "center",
    }
  }
>
  <Text
    style={
      Object {
        "color": "#333333",
        "fontSize": 28,
        "marginBottom": 20,
        "marginLeft": 10,
        "marginRight": 10,
        "textAlign": "center",
      }
    }
  >
    A library for managing user interfaces
  </Text>
  <View
    style={
      Object {
        "alignItems": "center",
        "flexDirection": "row",
        "marginLeft": 10,
        "marginRight": 10,
      }
    }
  >
    <View
      accessible={true}
      isTVSelectable={true}
      onResponderGrant={[Function]}
      onResponderMove={[Function]}
      onResponderRelease={[Function]}
      onResponderTerminate={[Function]}
      onResponderTerminationRequest={[Function]}
      onStartShouldSetResponder={[Function]}
      style={
        Object {
          "alignItems": "center",
          "alignSelf": "stretch",
          "flexDirection": "row",
          "height": 50,
          "justifyContent": "center",
          "marginLeft": 10,
          "marginRight": 10,
          "opacity": 1,
          "padding": 4,
        }
      }
    >
      <Text />
    </View>
    <View
      accessible={true}
      isTVSelectable={true}
      onResponderGrant={[Function]}
      onResponderMove={[Function]}
      onResponderRelease={[Function]}
      onResponderTerminate={[Function]}
      onResponderTerminationRequest={[Function]}
      onStartShouldSetResponder={[Function]}
      style={
        Object {
          "alignItems": "center",
          "alignSelf": "stretch",
          "flexDirection": "row",
          "height": 50,
          "justifyContent": "center",
          "marginLeft": 10,
          "marginRight": 10,
          "opacity": 1,
          "padding": 4,
        }
      }
    >
      <Text />
    </View>
  </View>
</View>
`;

exports[`<AppStatusBar /> matches snapshot 1`] = `
<View
  style={
    Object {
      "backgroundColor": "#6f79a8",
      "height": 20,
    }
  }
/>
`;
